#-----------------------------------------------------------
# Vivado v2026.1 (64-bit)
# SW Build 6511674 on Tue Jun 16 11:02:23 MDT 2026
# IP Build 6504888 on Tue Jun 09 09:05:25 MDT 2026
# SharedData Build 6501428 on Mon Jun 08 17:34:18 MDT 2026
# Start of session at: Wed Sep 23 01:11:18 2026
# Process ID         : 74928
# Current directory  : C:/Users/vaish/bit4add/bit4add.runs/synth_1
# Command line       : vivado.exe -log fulladder1.vds -product Vivado -mode batch -messageDb vivado.pb -notrace -source fulladder1.tcl
# Log file           : C:/Users/vaish/bit4add/bit4add.runs/synth_1/fulladder1.vds
# Journal file       : C:/Users/vaish/bit4add/bit4add.runs/synth_1\vivado.jou
# Running On         : Vaishakh
# Platform           : Windows 11
# Operating System   : 26200
# Processor Detail   : 13th Gen Intel(R) Core(TM) i7-13620H
# CPU Frequency      : 2918 MHz
# CPU Physical cores : 10
# CPU Logical cores  : 16
# Host memory        : 16852 MB
# Swap memory        : 5413 MB
# Total Virtual      : 22265 MB
# Available Virtual  : 3078 MB
#-----------------------------------------------------------
source fulladder1.tcl -notrace
