INFO: [Common 17-3922] A valid Vivado Design Suite BASIC license has been detected. Your current license is active and will expire on 22-sep-2027.
#-----------------------------------------------------------
# Vivado v2026.1 (64-bit)
# SW Build 6511674 on Tue Jun 16 11:02:23 MDT 2026
# IP Build 6504888 on Tue Jun 09 09:05:25 MDT 2026
# SharedData Build 6501428 on Mon Jun 08 17:34:18 MDT 2026
# Start of session at: Fri Sep 25 01:50:31 2026
# Process ID         : 15124
# Current directory  : C:/Users/vaish/Desktop/Digital/bit4add
# Command line       : vivado.exe -gui_launcher_event rodinguilauncherevent8168 C:\Users\vaish\Desktop\Digital\bit4add\bit4add.xpr
# Log file           : C:/Users/vaish/Desktop/Digital/bit4add/vivado.log
# Journal file       : C:/Users/vaish/Desktop/Digital/bit4add\vivado.jou
# Running On         : Vaishakh
# Platform           : Windows 11
# Operating System   : 26200
# Processor Detail   : 13th Gen Intel(R) Core(TM) i7-13620H
# CPU Frequency      : 2918 MHz
# CPU Physical cores : 10
# CPU Logical cores  : 16
# Host memory        : 16852 MB
# Swap memory        : 1543 MB
# Total Virtual      : 18396 MB
# Available Virtual  : 5285 MB
#-----------------------------------------------------------
start_gui
open_project C:/Users/vaish/Desktop/Digital/bit4add/bit4add.xpr
INFO: [Project 1-313] Project file moved from 'C:/Users/vaish/bit4add' since last save.
INFO: [filemgmt 56-3] Default IP Output Path : Could not find the directory 'C:/Users/vaish/Desktop/Digital/bit4add/bit4add.gen/sources_1'.
Scanning sources...
Finished scanning sources
WARNING: [Project 1-5713] Board part '' set for the project  is not found. BoardPart property will be unset. Please select board from latest repo build 
INFO: [IP_Flow 19-234] Refreshing IP repositories
INFO: [IP_Flow 19-1704] No user IP repositories specified
INFO: [IP_Flow 19-2313] Loaded Vivado IP repository 'C:/Users/vaish/Desktop/2026.1/Vivado/data/ip'.
open_project: Time (s): cpu = 00:00:15 ; elapsed = 00:00:07 . Memory (MB): peak = 1742.723 ; gain = 285.254
update_compile_order -fileset sources_1
exit
INFO: [Common 17-206] Exiting Vivado at Fri Sep 25 01:50:59 2026...
