INFO: [Common 17-3922] A valid Vivado Design Suite BASIC license has been detected. Your current license is active and will expire on 22-sep-2027.
#-----------------------------------------------------------
# Vivado v2026.1 (64-bit)
# SW Build 6511674 on Tue Jun 16 11:02:23 MDT 2026
# IP Build 6504888 on Tue Jun 09 09:05:25 MDT 2026
# SharedData Build 6501428 on Mon Jun 08 17:34:18 MDT 2026
# Start of session at: Tue Sep 29 00:32:25 2026
# Process ID         : 13276
# Current directory  : C:/Users/vaish/Desktop/Digital/demux struct
# Command line       : vivado.exe -gui_launcher_event rodinguilauncherevent19504 C:\Users\vaish\Desktop\Digital\demux struct\demux_struct.xpr
# Log file           : C:/Users/vaish/Desktop/Digital/demux struct/vivado.log
# Journal file       : C:/Users/vaish/Desktop/Digital/demux struct\vivado.jou
# Running On         : Vaishakh
# Platform           : Windows 11
# Operating System   : 26200
# Processor Detail   : 13th Gen Intel(R) Core(TM) i7-13620H
# CPU Frequency      : 2918 MHz
# CPU Physical cores : 10
# CPU Logical cores  : 16
# Host memory        : 16852 MB
# Swap memory        : 3106 MB
# Total Virtual      : 19959 MB
# Available Virtual  : 3850 MB
#-----------------------------------------------------------
start_gui
open_project {C:/Users/vaish/Desktop/Digital/demux struct/demux_struct.xpr}
INFO: [filemgmt 56-3] Default IP Output Path : Could not find the directory 'C:/Users/vaish/Desktop/Digital/demux struct/demux_struct.gen/sources_1'.
Scanning sources...
Finished scanning sources
WARNING: [Project 1-5713] Board part '' set for the project  is not found. BoardPart property will be unset. Please select board from latest repo build 
INFO: [IP_Flow 19-234] Refreshing IP repositories
INFO: [IP_Flow 19-1704] No user IP repositories specified
INFO: [IP_Flow 19-2313] Loaded Vivado IP repository 'C:/Users/vaish/Desktop/2026.1/Vivado/data/ip'.
open_project: Time (s): cpu = 00:00:19 ; elapsed = 00:00:13 . Memory (MB): peak = 1698.395 ; gain = 306.168
update_compile_order -fileset sources_1
close_project
create_project {demux behaviour} {C:/Users/vaish/Desktop/Digital/demux struct/demux behaviour} -part xc7a100tcsg324-1
INFO: [IP_Flow 19-234] Refreshing IP repositories
INFO: [IP_Flow 19-1704] No user IP repositories specified
INFO: [IP_Flow 19-2313] Loaded Vivado IP repository 'C:/Users/vaish/Desktop/2026.1/Vivado/data/ip'.
file mkdir C:/Users/vaish/Desktop/Digital/demux struct/demux behaviour/demux behaviour.srcs/sources_1/new
file mkdir C:/Users/vaish/Desktop/Digital/demux struct/demux behaviour/demux behaviour.srcs/sources_1/new
file mkdir C:/Users/vaish/Desktop/Digital/demux struct/demux behaviour/demux behaviour.srcs/sources_1/new
file mkdir {C:/Users/vaish/Desktop/Digital/demux struct/demux behaviour/demux behaviour.srcs/sources_1/new}
close [ open {C:/Users/vaish/Desktop/Digital/demux struct/demux behaviour/demux behaviour.srcs/sources_1/new/demux1to2.v} w ]
add_files {{C:/Users/vaish/Desktop/Digital/demux struct/demux behaviour/demux behaviour.srcs/sources_1/new/demux1to2.v}}
file mkdir C:/Users/vaish/Desktop/Digital/demux struct/demux behaviour/demux behaviour.srcs/constrs_1/new
file mkdir C:/Users/vaish/Desktop/Digital/demux struct/demux behaviour/demux behaviour.srcs/constrs_1/new
file mkdir {C:/Users/vaish/Desktop/Digital/demux struct/demux behaviour/demux behaviour.srcs/constrs_1/new}
close [ open {C:/Users/vaish/Desktop/Digital/demux struct/demux behaviour/demux behaviour.srcs/constrs_1/new/demux1to2.xdc} w ]
add_files -fileset constrs_1 {{C:/Users/vaish/Desktop/Digital/demux struct/demux behaviour/demux behaviour.srcs/constrs_1/new/demux1to2.xdc}}
update_compile_order -fileset sources_1
synth_design -rtl -rtl_skip_mlo -name rtl_1
Command: synth_design -rtl -rtl_skip_mlo -name rtl_1
Starting synth_design
Using part: xc7a100tcsg324-1
Top: demux_1to2
INFO: [Device 21-403] Loading part xc7a100tcsg324-1
INFO: [Designutils 20-5008] Incremental synthesis strategy default
INFO: [Synth 8-7079] Multithreading enabled for synth_design using a maximum of 2 processes.
INFO: [Synth 8-7078] Launching helper process for spawning children vivado processes
INFO: [Synth 8-7075] Helper process launched with PID 13292
---------------------------------------------------------------------------------
Starting RTL Elaboration : Time (s): cpu = 00:00:04 ; elapsed = 00:00:05 . Memory (MB): peak = 2483.855 ; gain = 573.227
---------------------------------------------------------------------------------
INFO: [Synth 8-6157] synthesizing module 'demux_1to2' [C:/Users/vaish/Desktop/Digital/demux struct/demux behaviour/demux behaviour.srcs/sources_1/new/demux1to2.v:23]
INFO: [Synth 8-6155] done synthesizing module 'demux_1to2' (0#1) [C:/Users/vaish/Desktop/Digital/demux struct/demux behaviour/demux behaviour.srcs/sources_1/new/demux1to2.v:23]
---------------------------------------------------------------------------------
Finished RTL Elaboration : Time (s): cpu = 00:00:06 ; elapsed = 00:00:06 . Memory (MB): peak = 2601.840 ; gain = 691.211
---------------------------------------------------------------------------------
---------------------------------------------------------------------------------
Start Handling Custom Attributes
---------------------------------------------------------------------------------
---------------------------------------------------------------------------------
Finished Handling Custom Attributes : Time (s): cpu = 00:00:06 ; elapsed = 00:00:06 . Memory (MB): peak = 2601.840 ; gain = 691.211
---------------------------------------------------------------------------------
---------------------------------------------------------------------------------
Finished RTL Optimization Phase 1 : Time (s): cpu = 00:00:06 ; elapsed = 00:00:06 . Memory (MB): peak = 2601.840 ; gain = 691.211
---------------------------------------------------------------------------------
Netlist sorting complete. Time (s): cpu = 00:00:00 ; elapsed = 00:00:00 . Memory (MB): peak = 2601.840 ; gain = 0.000
INFO: [Project 1-570] Preparing netlist for logic optimization

Processing XDC Constraints
Initializing timing engine
Parsing XDC File [C:/Users/vaish/Desktop/Digital/demux struct/demux behaviour/demux behaviour.srcs/constrs_1/new/demux1to2.xdc]
Finished Parsing XDC File [C:/Users/vaish/Desktop/Digital/demux struct/demux behaviour/demux behaviour.srcs/constrs_1/new/demux1to2.xdc]
Completed Processing XDC Constraints

Netlist sorting complete. Time (s): cpu = 00:00:00 ; elapsed = 00:00:00 . Memory (MB): peak = 2623.785 ; gain = 0.000
INFO: [Project 1-111] Unisim Transformation Summary:
No Unisim elements were transformed.

RTL Elaboration Complete:  : Time (s): cpu = 00:00:15 ; elapsed = 00:00:12 . Memory (MB): peak = 2894.699 ; gain = 984.070
9 Infos, 0 Warnings, 0 Critical Warnings and 0 Errors encountered.
synth_design completed successfully
synth_design: Time (s): cpu = 00:00:17 ; elapsed = 00:00:21 . Memory (MB): peak = 2894.699 ; gain = 1147.551
close [ open {C:/Users/vaish/Desktop/Digital/demux struct/demux behaviour/demux behaviour.srcs/sources_1/new/demux1to4.v} w ]
add_files {{C:/Users/vaish/Desktop/Digital/demux struct/demux behaviour/demux behaviour.srcs/sources_1/new/demux1to4.v}}
update_compile_order -fileset sources_1
WARNING: [filemgmt 56-199] Attempt to get parsing info during refresh. "On-the-fly" syntax checking information may be incorrect. [C:\Users\vaish\Desktop\Digital\demux struct\demux behaviour\demux behaviour.srcs\sources_1\new\demux1to2.v:]
WARNING: [filemgmt 56-199] Attempt to get parsing info during refresh. "On-the-fly" syntax checking information may be incorrect. [C:\Users\vaish\Desktop\Digital\demux struct\demux behaviour\demux behaviour.srcs\sources_1\new\demux1to4.v:]
WARNING: [filemgmt 56-199] Attempt to get parsing info during refresh. "On-the-fly" syntax checking information may be incorrect. [C:\Users\vaish\Desktop\Digital\demux struct\demux behaviour\demux behaviour.srcs\sources_1\new\demux1to4.v:]
WARNING: [filemgmt 56-199] Attempt to get parsing info during refresh. "On-the-fly" syntax checking information may be incorrect. [C:\Users\vaish\Desktop\Digital\demux struct\demux behaviour\demux behaviour.srcs\sources_1\new\demux1to4.v:]
ERROR: [Common 17-180] Spawn failed: The operation completed successfully.

set_property top demux_1to4 [current_fileset]
WARNING: [filemgmt 56-199] Attempt to get parsing info during refresh. "On-the-fly" syntax checking information may be incorrect. [C:\Users\vaish\Desktop\Digital\demux struct\demux behaviour\demux behaviour.srcs\sources_1\new\demux1to2.v:]
WARNING: [filemgmt 56-199] Attempt to get parsing info during refresh. "On-the-fly" syntax checking information may be incorrect. [C:\Users\vaish\Desktop\Digital\demux struct\demux behaviour\demux behaviour.srcs\sources_1\new\demux1to4.v:]
WARNING: [filemgmt 56-199] Attempt to get parsing info during refresh. "On-the-fly" syntax checking information may be incorrect. [C:\Users\vaish\Desktop\Digital\demux struct\demux behaviour\demux behaviour.srcs\sources_1\new\demux1to4.v:]
WARNING: [filemgmt 56-199] Attempt to get parsing info during refresh. "On-the-fly" syntax checking information may be incorrect. [C:\Users\vaish\Desktop\Digital\demux struct\demux behaviour\demux behaviour.srcs\sources_1\new\demux1to4.v:]
ERROR: [Common 17-180] Spawn failed: The operation completed successfully.

update_compile_order -fileset sources_1
WARNING: [filemgmt 56-199] Attempt to get parsing info during refresh. "On-the-fly" syntax checking information may be incorrect. [C:\Users\vaish\Desktop\Digital\demux struct\demux behaviour\demux behaviour.srcs\sources_1\new\demux1to2.v:]
WARNING: [filemgmt 56-199] Attempt to get parsing info during refresh. "On-the-fly" syntax checking information may be incorrect. [C:\Users\vaish\Desktop\Digital\demux struct\demux behaviour\demux behaviour.srcs\sources_1\new\demux1to4.v:]
WARNING: [filemgmt 56-199] Attempt to get parsing info during refresh. "On-the-fly" syntax checking information may be incorrect. [C:\Users\vaish\Desktop\Digital\demux struct\demux behaviour\demux behaviour.srcs\sources_1\new\demux1to2.v:]
WARNING: [filemgmt 56-199] Attempt to get parsing info during refresh. "On-the-fly" syntax checking information may be incorrect. [C:\Users\vaish\Desktop\Digital\demux struct\demux behaviour\demux behaviour.srcs\sources_1\new\demux1to2.v:]
ERROR: [Common 17-180] Spawn failed: The operation completed successfully.

close [ open {C:/Users/vaish/Desktop/Digital/demux struct/demux behaviour/demux behaviour.srcs/sources_1/new/demux1to8.v} w ]
add_files {{C:/Users/vaish/Desktop/Digital/demux struct/demux behaviour/demux behaviour.srcs/sources_1/new/demux1to8.v}}
WARNING: [filemgmt 56-199] Attempt to get parsing info during refresh. "On-the-fly" syntax checking information may be incorrect. [C:\Users\vaish\Desktop\Digital\demux struct\demux behaviour\demux behaviour.srcs\sources_1\new\demux1to2.v:]
WARNING: [filemgmt 56-199] Attempt to get parsing info during refresh. "On-the-fly" syntax checking information may be incorrect. [C:\Users\vaish\Desktop\Digital\demux struct\demux behaviour\demux behaviour.srcs\sources_1\new\demux1to4.v:]
WARNING: [filemgmt 56-199] Attempt to get parsing info during refresh. "On-the-fly" syntax checking information may be incorrect. [C:\Users\vaish\Desktop\Digital\demux struct\demux behaviour\demux behaviour.srcs\sources_1\new\demux1to4.v:]
WARNING: [filemgmt 56-199] Attempt to get parsing info during refresh. "On-the-fly" syntax checking information may be incorrect. [C:\Users\vaish\Desktop\Digital\demux struct\demux behaviour\demux behaviour.srcs\sources_1\new\demux1to4.v:]
ERROR: [Common 17-180] Spawn failed: The operation completed successfully.

WARNING: [filemgmt 56-199] Attempt to get parsing info during refresh. "On-the-fly" syntax checking information may be incorrect. [C:\Users\vaish\Desktop\Digital\demux struct\demux behaviour\demux behaviour.srcs\sources_1\new\demux1to2.v:]
WARNING: [filemgmt 56-199] Attempt to get parsing info during refresh. "On-the-fly" syntax checking information may be incorrect. [C:\Users\vaish\Desktop\Digital\demux struct\demux behaviour\demux behaviour.srcs\sources_1\new\demux1to4.v:]
WARNING: [filemgmt 56-199] Attempt to get parsing info during refresh. "On-the-fly" syntax checking information may be incorrect. [C:\Users\vaish\Desktop\Digital\demux struct\demux behaviour\demux behaviour.srcs\sources_1\new\demux1to4.v:]
WARNING: [filemgmt 56-199] Attempt to get parsing info during refresh. "On-the-fly" syntax checking information may be incorrect. [C:\Users\vaish\Desktop\Digital\demux struct\demux behaviour\demux behaviour.srcs\sources_1\new\demux1to4.v:]
ERROR: [Common 17-180] Spawn failed: The operation completed successfully.

update_compile_order -fileset sources_1
WARNING: [filemgmt 56-199] Attempt to get parsing info during refresh. "On-the-fly" syntax checking information may be incorrect. [C:\Users\vaish\Desktop\Digital\demux struct\demux behaviour\demux behaviour.srcs\sources_1\new\demux1to2.v:]
WARNING: [filemgmt 56-199] Attempt to get parsing info during refresh. "On-the-fly" syntax checking information may be incorrect. [C:\Users\vaish\Desktop\Digital\demux struct\demux behaviour\demux behaviour.srcs\sources_1\new\demux1to4.v:]
WARNING: [filemgmt 56-199] Attempt to get parsing info during refresh. "On-the-fly" syntax checking information may be incorrect. [C:\Users\vaish\Desktop\Digital\demux struct\demux behaviour\demux behaviour.srcs\sources_1\new\demux1to4.v:]
WARNING: [filemgmt 56-199] Attempt to get parsing info during refresh. "On-the-fly" syntax checking information may be incorrect. [C:\Users\vaish\Desktop\Digital\demux struct\demux behaviour\demux behaviour.srcs\sources_1\new\demux1to4.v:]
ERROR: [Common 17-180] Spawn failed: The operation completed successfully.

WARNING: [filemgmt 56-199] Attempt to get parsing info during refresh. "On-the-fly" syntax checking information may be incorrect. [C:\Users\vaish\Desktop\Digital\demux struct\demux behaviour\demux behaviour.srcs\sources_1\new\demux1to2.v:]
WARNING: [filemgmt 56-199] Attempt to get parsing info during refresh. "On-the-fly" syntax checking information may be incorrect. [C:\Users\vaish\Desktop\Digital\demux struct\demux behaviour\demux behaviour.srcs\sources_1\new\demux1to4.v:]
WARNING: [filemgmt 56-199] Attempt to get parsing info during refresh. "On-the-fly" syntax checking information may be incorrect. [C:\Users\vaish\Desktop\Digital\demux struct\demux behaviour\demux behaviour.srcs\sources_1\new\demux1to8.v:]
WARNING: [filemgmt 56-199] Attempt to get parsing info during refresh. "On-the-fly" syntax checking information may be incorrect. [C:\Users\vaish\Desktop\Digital\demux struct\demux behaviour\demux behaviour.srcs\sources_1\new\demux1to4.v:]
WARNING: [filemgmt 56-199] Attempt to get parsing info during refresh. "On-the-fly" syntax checking information may be incorrect. [C:\Users\vaish\Desktop\Digital\demux struct\demux behaviour\demux behaviour.srcs\sources_1\new\demux1to4.v:]
set_property top demux1to8 [current_fileset]
WARNING: [filemgmt 56-199] Attempt to get parsing info during refresh. "On-the-fly" syntax checking information may be incorrect. [C:\Users\vaish\Desktop\Digital\demux struct\demux behaviour\demux behaviour.srcs\sources_1\new\demux1to2.v:]
WARNING: [filemgmt 56-199] Attempt to get parsing info during refresh. "On-the-fly" syntax checking information may be incorrect. [C:\Users\vaish\Desktop\Digital\demux struct\demux behaviour\demux behaviour.srcs\sources_1\new\demux1to4.v:]
WARNING: [filemgmt 56-199] Attempt to get parsing info during refresh. "On-the-fly" syntax checking information may be incorrect. [C:\Users\vaish\Desktop\Digital\demux struct\demux behaviour\demux behaviour.srcs\sources_1\new\demux1to8.v:]
WARNING: [filemgmt 56-199] Attempt to get parsing info during refresh. "On-the-fly" syntax checking information may be incorrect. [C:\Users\vaish\Desktop\Digital\demux struct\demux behaviour\demux behaviour.srcs\sources_1\new\demux1to4.v:]
WARNING: [filemgmt 56-199] Attempt to get parsing info during refresh. "On-the-fly" syntax checking information may be incorrect. [C:\Users\vaish\Desktop\Digital\demux struct\demux behaviour\demux behaviour.srcs\sources_1\new\demux1to4.v:]
WARNING: [filemgmt 56-199] Attempt to get parsing info during refresh. "On-the-fly" syntax checking information may be incorrect. [C:\Users\vaish\Desktop\Digital\demux struct\demux behaviour\demux behaviour.srcs\sources_1\new\demux1to2.v:]
WARNING: [filemgmt 56-199] Attempt to get parsing info during refresh. "On-the-fly" syntax checking information may be incorrect. [C:\Users\vaish\Desktop\Digital\demux struct\demux behaviour\demux behaviour.srcs\sources_1\new\demux1to4.v:]
WARNING: [filemgmt 56-199] Attempt to get parsing info during refresh. "On-the-fly" syntax checking information may be incorrect. [C:\Users\vaish\Desktop\Digital\demux struct\demux behaviour\demux behaviour.srcs\sources_1\new\demux1to8.v:]
WARNING: [filemgmt 56-199] Attempt to get parsing info during refresh. "On-the-fly" syntax checking information may be incorrect. [C:\Users\vaish\Desktop\Digital\demux struct\demux behaviour\demux behaviour.srcs\sources_1\new\demux1to2.v:]
WARNING: [filemgmt 56-199] Attempt to get parsing info during refresh. "On-the-fly" syntax checking information may be incorrect. [C:\Users\vaish\Desktop\Digital\demux struct\demux behaviour\demux behaviour.srcs\sources_1\new\demux1to2.v:]
update_compile_order -fileset sources_1
WARNING: [filemgmt 56-199] Attempt to get parsing info during refresh. "On-the-fly" syntax checking information may be incorrect. [C:\Users\vaish\Desktop\Digital\demux struct\demux behaviour\demux behaviour.srcs\sources_1\new\demux1to2.v:]
WARNING: [filemgmt 56-199] Attempt to get parsing info during refresh. "On-the-fly" syntax checking information may be incorrect. [C:\Users\vaish\Desktop\Digital\demux struct\demux behaviour\demux behaviour.srcs\sources_1\new\demux1to4.v:]
WARNING: [filemgmt 56-199] Attempt to get parsing info during refresh. "On-the-fly" syntax checking information may be incorrect. [C:\Users\vaish\Desktop\Digital\demux struct\demux behaviour\demux behaviour.srcs\sources_1\new\demux1to8.v:]
WARNING: [filemgmt 56-199] Attempt to get parsing info during refresh. "On-the-fly" syntax checking information may be incorrect. [C:\Users\vaish\Desktop\Digital\demux struct\demux behaviour\demux behaviour.srcs\sources_1\new\demux1to8.v:]
WARNING: [filemgmt 56-199] Attempt to get parsing info during refresh. "On-the-fly" syntax checking information may be incorrect. [C:\Users\vaish\Desktop\Digital\demux struct\demux behaviour\demux behaviour.srcs\sources_1\new\demux1to8.v:]
WARNING: [filemgmt 56-199] Attempt to get parsing info during refresh. "On-the-fly" syntax checking information may be incorrect. [C:\Users\vaish\Desktop\Digital\demux struct\demux behaviour\demux behaviour.srcs\sources_1\new\demux1to2.v:]
WARNING: [filemgmt 56-199] Attempt to get parsing info during refresh. "On-the-fly" syntax checking information may be incorrect. [C:\Users\vaish\Desktop\Digital\demux struct\demux behaviour\demux behaviour.srcs\sources_1\new\demux1to4.v:]
WARNING: [filemgmt 56-199] Attempt to get parsing info during refresh. "On-the-fly" syntax checking information may be incorrect. [C:\Users\vaish\Desktop\Digital\demux struct\demux behaviour\demux behaviour.srcs\sources_1\new\demux1to8.v:]
WARNING: [filemgmt 56-199] Attempt to get parsing info during refresh. "On-the-fly" syntax checking information may be incorrect. [C:\Users\vaish\Desktop\Digital\demux struct\demux behaviour\demux behaviour.srcs\sources_1\new\demux1to2.v:]
WARNING: [filemgmt 56-199] Attempt to get parsing info during refresh. "On-the-fly" syntax checking information may be incorrect. [C:\Users\vaish\Desktop\Digital\demux struct\demux behaviour\demux behaviour.srcs\sources_1\new\demux1to2.v:]
WARNING: [filemgmt 56-199] Attempt to get parsing info during refresh. "On-the-fly" syntax checking information may be incorrect. [C:\Users\vaish\Desktop\Digital\demux struct\demux behaviour\demux behaviour.srcs\sources_1\new\demux1to2.v:]
WARNING: [filemgmt 56-199] Attempt to get parsing info during refresh. "On-the-fly" syntax checking information may be incorrect. [C:\Users\vaish\Desktop\Digital\demux struct\demux behaviour\demux behaviour.srcs\sources_1\new\demux1to4.v:]
WARNING: [filemgmt 56-199] Attempt to get parsing info during refresh. "On-the-fly" syntax checking information may be incorrect. [C:\Users\vaish\Desktop\Digital\demux struct\demux behaviour\demux behaviour.srcs\sources_1\new\demux1to8.v:]
WARNING: [filemgmt 56-199] Attempt to get parsing info during refresh. "On-the-fly" syntax checking information may be incorrect. [C:\Users\vaish\Desktop\Digital\demux struct\demux behaviour\demux behaviour.srcs\sources_1\new\demux1to4.v:]
WARNING: [filemgmt 56-199] Attempt to get parsing info during refresh. "On-the-fly" syntax checking information may be incorrect. [C:\Users\vaish\Desktop\Digital\demux struct\demux behaviour\demux behaviour.srcs\sources_1\new\demux1to4.v:]
update_compile_order -fileset sources_1
WARNING: [filemgmt 56-199] Attempt to get parsing info during refresh. "On-the-fly" syntax checking information may be incorrect. [C:\Users\vaish\Desktop\Digital\demux struct\demux behaviour\demux behaviour.srcs\sources_1\new\demux1to2.v:]
WARNING: [filemgmt 56-199] Attempt to get parsing info during refresh. "On-the-fly" syntax checking information may be incorrect. [C:\Users\vaish\Desktop\Digital\demux struct\demux behaviour\demux behaviour.srcs\sources_1\new\demux1to4.v:]
WARNING: [filemgmt 56-199] Attempt to get parsing info during refresh. "On-the-fly" syntax checking information may be incorrect. [C:\Users\vaish\Desktop\Digital\demux struct\demux behaviour\demux behaviour.srcs\sources_1\new\demux1to8.v:]
WARNING: [filemgmt 56-199] Attempt to get parsing info during refresh. "On-the-fly" syntax checking information may be incorrect. [C:\Users\vaish\Desktop\Digital\demux struct\demux behaviour\demux behaviour.srcs\sources_1\new\demux1to2.v:]
WARNING: [filemgmt 56-199] Attempt to get parsing info during refresh. "On-the-fly" syntax checking information may be incorrect. [C:\Users\vaish\Desktop\Digital\demux struct\demux behaviour\demux behaviour.srcs\sources_1\new\demux1to2.v:]
WARNING: [filemgmt 56-199] Attempt to get parsing info during refresh. "On-the-fly" syntax checking information may be incorrect. [C:\Users\vaish\Desktop\Digital\demux struct\demux behaviour\demux behaviour.srcs\sources_1\new\demux1to2.v:]
WARNING: [filemgmt 56-199] Attempt to get parsing info during refresh. "On-the-fly" syntax checking information may be incorrect. [C:\Users\vaish\Desktop\Digital\demux struct\demux behaviour\demux behaviour.srcs\sources_1\new\demux1to4.v:]
WARNING: [filemgmt 56-199] Attempt to get parsing info during refresh. "On-the-fly" syntax checking information may be incorrect. [C:\Users\vaish\Desktop\Digital\demux struct\demux behaviour\demux behaviour.srcs\sources_1\new\demux1to8.v:]
WARNING: [filemgmt 56-199] Attempt to get parsing info during refresh. "On-the-fly" syntax checking information may be incorrect. [C:\Users\vaish\Desktop\Digital\demux struct\demux behaviour\demux behaviour.srcs\sources_1\new\demux1to8.v:]
WARNING: [filemgmt 56-199] Attempt to get parsing info during refresh. "On-the-fly" syntax checking information may be incorrect. [C:\Users\vaish\Desktop\Digital\demux struct\demux behaviour\demux behaviour.srcs\sources_1\new\demux1to8.v:]
set_property top demux_1to8 [current_fileset]
WARNING: [filemgmt 56-199] Attempt to get parsing info during refresh. "On-the-fly" syntax checking information may be incorrect. [C:\Users\vaish\Desktop\Digital\demux struct\demux behaviour\demux behaviour.srcs\sources_1\new\demux1to2.v:]
WARNING: [filemgmt 56-199] Attempt to get parsing info during refresh. "On-the-fly" syntax checking information may be incorrect. [C:\Users\vaish\Desktop\Digital\demux struct\demux behaviour\demux behaviour.srcs\sources_1\new\demux1to4.v:]
WARNING: [filemgmt 56-199] Attempt to get parsing info during refresh. "On-the-fly" syntax checking information may be incorrect. [C:\Users\vaish\Desktop\Digital\demux struct\demux behaviour\demux behaviour.srcs\sources_1\new\demux1to8.v:]
WARNING: [filemgmt 56-199] Attempt to get parsing info during refresh. "On-the-fly" syntax checking information may be incorrect. [C:\Users\vaish\Desktop\Digital\demux struct\demux behaviour\demux behaviour.srcs\sources_1\new\demux1to8.v:]
WARNING: [filemgmt 56-199] Attempt to get parsing info during refresh. "On-the-fly" syntax checking information may be incorrect. [C:\Users\vaish\Desktop\Digital\demux struct\demux behaviour\demux behaviour.srcs\sources_1\new\demux1to8.v:]
ERROR: [Common 17-180] Spawn failed: The operation completed successfully.

update_compile_order -fileset sources_1
WARNING: [filemgmt 56-199] Attempt to get parsing info during refresh. "On-the-fly" syntax checking information may be incorrect. [C:\Users\vaish\Desktop\Digital\demux struct\demux behaviour\demux behaviour.srcs\sources_1\new\demux1to2.v:]
WARNING: [filemgmt 56-199] Attempt to get parsing info during refresh. "On-the-fly" syntax checking information may be incorrect. [C:\Users\vaish\Desktop\Digital\demux struct\demux behaviour\demux behaviour.srcs\sources_1\new\demux1to4.v:]
WARNING: [filemgmt 56-199] Attempt to get parsing info during refresh. "On-the-fly" syntax checking information may be incorrect. [C:\Users\vaish\Desktop\Digital\demux struct\demux behaviour\demux behaviour.srcs\sources_1\new\demux1to8.v:]
WARNING: [filemgmt 56-199] Attempt to get parsing info during refresh. "On-the-fly" syntax checking information may be incorrect. [C:\Users\vaish\Desktop\Digital\demux struct\demux behaviour\demux behaviour.srcs\sources_1\new\demux1to2.v:]
WARNING: [filemgmt 56-199] Attempt to get parsing info during refresh. "On-the-fly" syntax checking information may be incorrect. [C:\Users\vaish\Desktop\Digital\demux struct\demux behaviour\demux behaviour.srcs\sources_1\new\demux1to2.v:]
WARNING: [filemgmt 56-199] Attempt to get parsing info during refresh. "On-the-fly" syntax checking information may be incorrect. [C:\Users\vaish\Desktop\Digital\demux struct\demux behaviour\demux behaviour.srcs\sources_1\new\demux1to2.v:]
WARNING: [filemgmt 56-199] Attempt to get parsing info during refresh. "On-the-fly" syntax checking information may be incorrect. [C:\Users\vaish\Desktop\Digital\demux struct\demux behaviour\demux behaviour.srcs\sources_1\new\demux1to4.v:]
WARNING: [filemgmt 56-199] Attempt to get parsing info during refresh. "On-the-fly" syntax checking information may be incorrect. [C:\Users\vaish\Desktop\Digital\demux struct\demux behaviour\demux behaviour.srcs\sources_1\new\demux1to8.v:]
WARNING: [filemgmt 56-199] Attempt to get parsing info during refresh. "On-the-fly" syntax checking information may be incorrect. [C:\Users\vaish\Desktop\Digital\demux struct\demux behaviour\demux behaviour.srcs\sources_1\new\demux1to8.v:]
WARNING: [filemgmt 56-199] Attempt to get parsing info during refresh. "On-the-fly" syntax checking information may be incorrect. [C:\Users\vaish\Desktop\Digital\demux struct\demux behaviour\demux behaviour.srcs\sources_1\new\demux1to8.v:]
ERROR: [Common 17-180] Spawn failed: The operation completed successfully.

close_design
synth_design -rtl -rtl_skip_mlo -name rtl_1
Command: synth_design -rtl -rtl_skip_mlo -name rtl_1
Starting synth_design
Using part: xc7a100tcsg324-1
Top: demux_1to8
INFO: [Designutils 20-5008] Incremental synthesis strategy default
INFO: [Synth 8-7079] Multithreading enabled for synth_design using a maximum of 2 processes.
---------------------------------------------------------------------------------
Starting RTL Elaboration : Time (s): cpu = 00:00:04 ; elapsed = 00:00:04 . Memory (MB): peak = 2896.449 ; gain = 0.000
---------------------------------------------------------------------------------
INFO: [Synth 8-6157] synthesizing module 'demux_1to8' [C:/Users/vaish/Desktop/Digital/demux struct/demux behaviour/demux behaviour.srcs/sources_1/new/demux1to8.v:22]
INFO: [Synth 8-6155] done synthesizing module 'demux_1to8' (0#1) [C:/Users/vaish/Desktop/Digital/demux struct/demux behaviour/demux behaviour.srcs/sources_1/new/demux1to8.v:22]
---------------------------------------------------------------------------------
Finished RTL Elaboration : Time (s): cpu = 00:00:06 ; elapsed = 00:00:06 . Memory (MB): peak = 2967.148 ; gain = 70.699
---------------------------------------------------------------------------------
---------------------------------------------------------------------------------
Start Handling Custom Attributes
---------------------------------------------------------------------------------
---------------------------------------------------------------------------------
Finished Handling Custom Attributes : Time (s): cpu = 00:00:06 ; elapsed = 00:00:06 . Memory (MB): peak = 2967.148 ; gain = 70.699
---------------------------------------------------------------------------------
---------------------------------------------------------------------------------
Finished RTL Optimization Phase 1 : Time (s): cpu = 00:00:06 ; elapsed = 00:00:06 . Memory (MB): peak = 2967.148 ; gain = 70.699
---------------------------------------------------------------------------------
Netlist sorting complete. Time (s): cpu = 00:00:00 ; elapsed = 00:00:00 . Memory (MB): peak = 2967.148 ; gain = 0.000
INFO: [Project 1-570] Preparing netlist for logic optimization

Processing XDC Constraints
Initializing timing engine
Parsing XDC File [C:/Users/vaish/Desktop/Digital/demux struct/demux behaviour/demux behaviour.srcs/constrs_1/new/demux1to2.xdc]
Finished Parsing XDC File [C:/Users/vaish/Desktop/Digital/demux struct/demux behaviour/demux behaviour.srcs/constrs_1/new/demux1to2.xdc]
Completed Processing XDC Constraints

Netlist sorting complete. Time (s): cpu = 00:00:00 ; elapsed = 00:00:00 . Memory (MB): peak = 2976.758 ; gain = 0.000
INFO: [Project 1-111] Unisim Transformation Summary:
No Unisim elements were transformed.

RTL Elaboration Complete:  : Time (s): cpu = 00:00:08 ; elapsed = 00:00:07 . Memory (MB): peak = 3006.250 ; gain = 109.801
6 Infos, 0 Warnings, 0 Critical Warnings and 0 Errors encountered.
synth_design completed successfully
synth_design: Time (s): cpu = 00:00:08 ; elapsed = 00:00:07 . Memory (MB): peak = 3006.250 ; gain = 109.801
exit
INFO: [Common 17-206] Exiting Vivado at Tue Sep 29 00:45:47 2026...
