#-----------------------------------------------------------
# Vivado v2026.1 (64-bit)
# SW Build 6511674 on Tue Jun 16 11:02:23 MDT 2026
# IP Build 6504888 on Tue Jun 09 09:05:25 MDT 2026
# SharedData Build 6501428 on Mon Jun 08 17:34:18 MDT 2026
# Start of session at: Tue Sep 29 23:20:53 2026
# Process ID         : 23680
# Current directory  : C:/Users/vaish/Desktop/Digital/decoder
# Command line       : vivado.exe -gui_launcher_event rodinguilauncherevent10484 C:\Users\vaish\Desktop\Digital\decoder\decoder.xpr
# Log file           : C:/Users/vaish/Desktop/Digital/decoder/vivado.log
# Journal file       : C:/Users/vaish/Desktop/Digital/decoder\vivado.jou
# Running On         : Vaishakh
# Platform           : Windows 11
# Operating System   : 26200
# Processor Detail   : 13th Gen Intel(R) Core(TM) i7-13620H
# CPU Frequency      : 2918 MHz
# CPU Physical cores : 10
# CPU Logical cores  : 16
# Host memory        : 16852 MB
# Swap memory        : 1543 MB
# Total Virtual      : 18396 MB
# Available Virtual  : 5935 MB
#-----------------------------------------------------------
start_gui
open_project C:/Users/vaish/Desktop/Digital/decoder/decoder.xpr
update_compile_order -fileset sources_1
synth_design -rtl -rtl_skip_mlo -name rtl_1
# Disabling source management mode.  This is to allow the top design properties to be set without GUI intervention.
set_property source_mgmt_mode None [current_project]
set_property top decoder_2to4 [current_fileset]
# Re-enabling previously disabled source management mode.
set_property source_mgmt_mode All [current_project]
update_compile_order -fileset sources_1
close_design
synth_design -rtl -rtl_skip_mlo -name rtl_1
# Disabling source management mode.  This is to allow the top design properties to be set without GUI intervention.
set_property source_mgmt_mode None [current_project]
set_property top decoder_3to8 [current_fileset]
# Re-enabling previously disabled source management mode.
set_property source_mgmt_mode All [current_project]
update_compile_order -fileset sources_1
close_design
synth_design -rtl -rtl_skip_mlo -name rtl_1
