INFO: [Common 17-3922] A valid Vivado Design Suite BASIC license has been detected. Your current license is active and will expire on 22-sep-2027.
#-----------------------------------------------------------
# Vivado v2026.1 (64-bit)
# SW Build 6511674 on Tue Jun 16 11:02:23 MDT 2026
# IP Build 6504888 on Tue Jun 09 09:05:25 MDT 2026
# SharedData Build 6501428 on Mon Jun 08 17:34:18 MDT 2026
# Start of session at: Tue Sep 29 23:20:53 2026
# Process ID         : 23680
# Current directory  : C:/Users/vaish/Desktop/Digital/decoder
# Command line       : vivado.exe -gui_launcher_event rodinguilauncherevent10484 C:\Users\vaish\Desktop\Digital\decoder\decoder.xpr
# Log file           : C:/Users/vaish/Desktop/Digital/decoder/vivado.log
# Journal file       : C:/Users/vaish/Desktop/Digital/decoder\vivado.jou
# Running On         : Vaishakh
# Platform           : Windows 11
# Operating System   : 26200
# Processor Detail   : 13th Gen Intel(R) Core(TM) i7-13620H
# CPU Frequency      : 2918 MHz
# CPU Physical cores : 10
# CPU Logical cores  : 16
# Host memory        : 16852 MB
# Swap memory        : 1543 MB
# Total Virtual      : 18396 MB
# Available Virtual  : 5935 MB
#-----------------------------------------------------------
start_gui
open_project C:/Users/vaish/Desktop/Digital/decoder/decoder.xpr
INFO: [Project 1-313] Project file moved from 'C:/Users/vaish/Desktop/Digital/demux struct/decoder' since last save.
INFO: [filemgmt 56-3] Default IP Output Path : Could not find the directory 'C:/Users/vaish/Desktop/Digital/decoder/decoder.gen/sources_1'.
Scanning sources...
Finished scanning sources
WARNING: [Project 1-5713] Board part '' set for the project  is not found. BoardPart property will be unset. Please select board from latest repo build 
INFO: [IP_Flow 19-234] Refreshing IP repositories
INFO: [IP_Flow 19-1704] No user IP repositories specified
INFO: [IP_Flow 19-2313] Loaded Vivado IP repository 'C:/Users/vaish/Desktop/2026.1/Vivado/data/ip'.
open_project: Time (s): cpu = 00:00:31 ; elapsed = 00:00:13 . Memory (MB): peak = 1733.234 ; gain = 274.699
update_compile_order -fileset sources_1
synth_design -rtl -rtl_skip_mlo -name rtl_1
Command: synth_design -rtl -rtl_skip_mlo -name rtl_1
Starting synth_design
Using part: xc7a100tcsg324-1
Top: decoder_1to2
INFO: [Device 21-403] Loading part xc7a100tcsg324-1
INFO: [Designutils 20-5008] Incremental synthesis strategy default
INFO: [Synth 8-7079] Multithreading enabled for synth_design using a maximum of 2 processes.
INFO: [Synth 8-7078] Launching helper process for spawning children vivado processes
INFO: [Synth 8-7075] Helper process launched with PID 24272
---------------------------------------------------------------------------------
Starting RTL Elaboration : Time (s): cpu = 00:00:08 ; elapsed = 00:00:08 . Memory (MB): peak = 2466.949 ; gain = 573.047
---------------------------------------------------------------------------------
INFO: [Synth 8-6157] synthesizing module 'decoder_1to2' [C:/Users/vaish/Desktop/Digital/decoder/decoder.srcs/sources_1/new/decoder1to2.v:23]
INFO: [Synth 8-226] default block is never used [C:/Users/vaish/Desktop/Digital/decoder/decoder.srcs/sources_1/new/decoder1to2.v:29]
INFO: [Synth 8-6155] done synthesizing module 'decoder_1to2' (0#1) [C:/Users/vaish/Desktop/Digital/decoder/decoder.srcs/sources_1/new/decoder1to2.v:23]
---------------------------------------------------------------------------------
Finished RTL Elaboration : Time (s): cpu = 00:00:10 ; elapsed = 00:00:10 . Memory (MB): peak = 2585.359 ; gain = 691.457
---------------------------------------------------------------------------------
---------------------------------------------------------------------------------
Start Handling Custom Attributes
---------------------------------------------------------------------------------
---------------------------------------------------------------------------------
Finished Handling Custom Attributes : Time (s): cpu = 00:00:10 ; elapsed = 00:00:10 . Memory (MB): peak = 2585.359 ; gain = 691.457
---------------------------------------------------------------------------------
---------------------------------------------------------------------------------
Finished RTL Optimization Phase 1 : Time (s): cpu = 00:00:10 ; elapsed = 00:00:10 . Memory (MB): peak = 2585.359 ; gain = 691.457
---------------------------------------------------------------------------------
Netlist sorting complete. Time (s): cpu = 00:00:00 ; elapsed = 00:00:00.001 . Memory (MB): peak = 2585.359 ; gain = 0.000
INFO: [Project 1-570] Preparing netlist for logic optimization

Processing XDC Constraints
Initializing timing engine
Completed Processing XDC Constraints

Netlist sorting complete. Time (s): cpu = 00:00:00 ; elapsed = 00:00:00.001 . Memory (MB): peak = 2585.359 ; gain = 0.000
INFO: [Project 1-111] Unisim Transformation Summary:
No Unisim elements were transformed.

RTL Elaboration Complete:  : Time (s): cpu = 00:00:27 ; elapsed = 00:00:19 . Memory (MB): peak = 2875.715 ; gain = 981.812
10 Infos, 0 Warnings, 0 Critical Warnings and 0 Errors encountered.
synth_design completed successfully
synth_design: Time (s): cpu = 00:00:30 ; elapsed = 00:00:34 . Memory (MB): peak = 2875.715 ; gain = 1137.910
WARNING: [filemgmt 56-199] Attempt to get parsing info during refresh. "On-the-fly" syntax checking information may be incorrect. [C:\Users\vaish\Desktop\Digital\decoder\decoder.srcs\sources_1\new\decoder2to4.v:]
WARNING: [filemgmt 56-199] Attempt to get parsing info during refresh. "On-the-fly" syntax checking information may be incorrect. [C:\Users\vaish\Desktop\Digital\decoder\decoder.srcs\sources_1\new\decoder1to2.v:]
WARNING: [filemgmt 56-199] Attempt to get parsing info during refresh. "On-the-fly" syntax checking information may be incorrect. [C:\Users\vaish\Desktop\Digital\decoder\decoder.srcs\sources_1\new\decoder2to4.v:]
WARNING: [filemgmt 56-199] Attempt to get parsing info during refresh. "On-the-fly" syntax checking information may be incorrect. [C:\Users\vaish\Desktop\Digital\decoder\decoder.srcs\sources_1\new\decoder2to4.v:]
ERROR: [Common 17-180] Spawn failed: The operation completed successfully.

set_property top decoder_2to4 [current_fileset]
WARNING: [filemgmt 56-199] Attempt to get parsing info during refresh. "On-the-fly" syntax checking information may be incorrect. [C:\Users\vaish\Desktop\Digital\decoder\decoder.srcs\sources_1\new\decoder2to4.v:]
WARNING: [filemgmt 56-199] Attempt to get parsing info during refresh. "On-the-fly" syntax checking information may be incorrect. [C:\Users\vaish\Desktop\Digital\decoder\decoder.srcs\sources_1\new\decoder1to2.v:]
WARNING: [filemgmt 56-199] Attempt to get parsing info during refresh. "On-the-fly" syntax checking information may be incorrect. [C:\Users\vaish\Desktop\Digital\decoder\decoder.srcs\sources_1\new\decoder2to4.v:]
WARNING: [filemgmt 56-199] Attempt to get parsing info during refresh. "On-the-fly" syntax checking information may be incorrect. [C:\Users\vaish\Desktop\Digital\decoder\decoder.srcs\sources_1\new\decoder2to4.v:]
ERROR: [Common 17-180] Spawn failed: The operation completed successfully.

update_compile_order -fileset sources_1
WARNING: [filemgmt 56-199] Attempt to get parsing info during refresh. "On-the-fly" syntax checking information may be incorrect. [C:\Users\vaish\Desktop\Digital\decoder\decoder.srcs\sources_1\new\decoder2to4.v:]
WARNING: [filemgmt 56-199] Attempt to get parsing info during refresh. "On-the-fly" syntax checking information may be incorrect. [C:\Users\vaish\Desktop\Digital\decoder\decoder.srcs\sources_1\new\decoder1to2.v:]
WARNING: [filemgmt 56-199] Attempt to get parsing info during refresh. "On-the-fly" syntax checking information may be incorrect. [C:\Users\vaish\Desktop\Digital\decoder\decoder.srcs\sources_1\new\decoder2to4.v:]
WARNING: [filemgmt 56-199] Attempt to get parsing info during refresh. "On-the-fly" syntax checking information may be incorrect. [C:\Users\vaish\Desktop\Digital\decoder\decoder.srcs\sources_1\new\decoder2to4.v:]
close_design
ERROR: [Common 17-180] Spawn failed: The operation completed successfully.

ERROR: [Common 17-39] 'close_design' failed due to earlier errors.
synth_design -rtl -rtl_skip_mlo -name rtl_1
Command: synth_design -rtl -rtl_skip_mlo -name rtl_1
Starting synth_design
Using part: xc7a100tcsg324-1
Top: decoder_2to4
INFO: [Designutils 20-5008] Incremental synthesis strategy default
INFO: [Synth 8-7079] Multithreading enabled for synth_design using a maximum of 2 processes.
---------------------------------------------------------------------------------
Starting RTL Elaboration : Time (s): cpu = 00:00:08 ; elapsed = 00:00:08 . Memory (MB): peak = 3026.059 ; gain = 11.324
---------------------------------------------------------------------------------
INFO: [Synth 8-6157] synthesizing module 'decoder_2to4' [C:/Users/vaish/Desktop/Digital/decoder/decoder.srcs/sources_1/new/decoder2to4.v:1]
INFO: [Synth 8-226] default block is never used [C:/Users/vaish/Desktop/Digital/decoder/decoder.srcs/sources_1/new/decoder2to4.v:7]
INFO: [Synth 8-6155] done synthesizing module 'decoder_2to4' (0#1) [C:/Users/vaish/Desktop/Digital/decoder/decoder.srcs/sources_1/new/decoder2to4.v:1]
---------------------------------------------------------------------------------
Finished RTL Elaboration : Time (s): cpu = 00:00:11 ; elapsed = 00:00:10 . Memory (MB): peak = 3089.078 ; gain = 74.344
---------------------------------------------------------------------------------
---------------------------------------------------------------------------------
Start Handling Custom Attributes
---------------------------------------------------------------------------------
---------------------------------------------------------------------------------
Finished Handling Custom Attributes : Time (s): cpu = 00:00:11 ; elapsed = 00:00:10 . Memory (MB): peak = 3089.078 ; gain = 74.344
---------------------------------------------------------------------------------
---------------------------------------------------------------------------------
Finished RTL Optimization Phase 1 : Time (s): cpu = 00:00:11 ; elapsed = 00:00:10 . Memory (MB): peak = 3089.078 ; gain = 74.344
---------------------------------------------------------------------------------
Netlist sorting complete. Time (s): cpu = 00:00:00 ; elapsed = 00:00:00 . Memory (MB): peak = 3089.078 ; gain = 0.000
INFO: [Project 1-570] Preparing netlist for logic optimization

Processing XDC Constraints
Initializing timing engine
Completed Processing XDC Constraints

Netlist sorting complete. Time (s): cpu = 00:00:00 ; elapsed = 00:00:00 . Memory (MB): peak = 3089.078 ; gain = 0.000
INFO: [Project 1-111] Unisim Transformation Summary:
No Unisim elements were transformed.

RTL Elaboration Complete:  : Time (s): cpu = 00:00:21 ; elapsed = 00:00:14 . Memory (MB): peak = 3089.078 ; gain = 74.344
7 Infos, 0 Warnings, 0 Critical Warnings and 0 Errors encountered.
synth_design completed successfully
synth_design: Time (s): cpu = 00:00:21 ; elapsed = 00:00:14 . Memory (MB): peak = 3089.078 ; gain = 74.344
WARNING: [filemgmt 56-199] Attempt to get parsing info during refresh. "On-the-fly" syntax checking information may be incorrect. [C:\Users\vaish\Desktop\Digital\decoder\decoder.srcs\sources_1\new\decoder2to4.v:]
WARNING: [filemgmt 56-199] Attempt to get parsing info during refresh. "On-the-fly" syntax checking information may be incorrect. [C:\Users\vaish\Desktop\Digital\decoder\decoder.srcs\sources_1\new\decoder1to2.v:]
WARNING: [filemgmt 56-199] Attempt to get parsing info during refresh. "On-the-fly" syntax checking information may be incorrect. [C:\Users\vaish\Desktop\Digital\decoder\decoder.srcs\sources_1\new\decoder3to8.v:]
WARNING: [filemgmt 56-199] Attempt to get parsing info during refresh. "On-the-fly" syntax checking information may be incorrect. [C:\Users\vaish\Desktop\Digital\decoder\decoder.srcs\sources_1\new\decoder2to4.v:]
WARNING: [filemgmt 56-199] Attempt to get parsing info during refresh. "On-the-fly" syntax checking information may be incorrect. [C:\Users\vaish\Desktop\Digital\decoder\decoder.srcs\sources_1\new\decoder2to4.v:]
WARNING: [filemgmt 56-199] Attempt to get parsing info during refresh. "On-the-fly" syntax checking information may be incorrect. [C:\Users\vaish\Desktop\Digital\decoder\decoder.srcs\sources_1\new\decoder2to4.v:]
WARNING: [filemgmt 56-199] Attempt to get parsing info during refresh. "On-the-fly" syntax checking information may be incorrect. [C:\Users\vaish\Desktop\Digital\decoder\decoder.srcs\sources_1\new\decoder1to2.v:]
WARNING: [filemgmt 56-199] Attempt to get parsing info during refresh. "On-the-fly" syntax checking information may be incorrect. [C:\Users\vaish\Desktop\Digital\decoder\decoder.srcs\sources_1\new\decoder3to8.v:]
WARNING: [filemgmt 56-199] Attempt to get parsing info during refresh. "On-the-fly" syntax checking information may be incorrect. [C:\Users\vaish\Desktop\Digital\decoder\decoder.srcs\sources_1\new\decoder1to2.v:]
WARNING: [filemgmt 56-199] Attempt to get parsing info during refresh. "On-the-fly" syntax checking information may be incorrect. [C:\Users\vaish\Desktop\Digital\decoder\decoder.srcs\sources_1\new\decoder1to2.v:]
set_property top decoder_3to8 [current_fileset]
WARNING: [filemgmt 56-199] Attempt to get parsing info during refresh. "On-the-fly" syntax checking information may be incorrect. [C:\Users\vaish\Desktop\Digital\decoder\decoder.srcs\sources_1\new\decoder2to4.v:]
WARNING: [filemgmt 56-199] Attempt to get parsing info during refresh. "On-the-fly" syntax checking information may be incorrect. [C:\Users\vaish\Desktop\Digital\decoder\decoder.srcs\sources_1\new\decoder1to2.v:]
WARNING: [filemgmt 56-199] Attempt to get parsing info during refresh. "On-the-fly" syntax checking information may be incorrect. [C:\Users\vaish\Desktop\Digital\decoder\decoder.srcs\sources_1\new\decoder3to8.v:]
WARNING: [filemgmt 56-199] Attempt to get parsing info during refresh. "On-the-fly" syntax checking information may be incorrect. [C:\Users\vaish\Desktop\Digital\decoder\decoder.srcs\sources_1\new\decoder1to2.v:]
WARNING: [filemgmt 56-199] Attempt to get parsing info during refresh. "On-the-fly" syntax checking information may be incorrect. [C:\Users\vaish\Desktop\Digital\decoder\decoder.srcs\sources_1\new\decoder1to2.v:]
WARNING: [filemgmt 56-199] Attempt to get parsing info during refresh. "On-the-fly" syntax checking information may be incorrect. [C:\Users\vaish\Desktop\Digital\decoder\decoder.srcs\sources_1\new\decoder2to4.v:]
WARNING: [filemgmt 56-199] Attempt to get parsing info during refresh. "On-the-fly" syntax checking information may be incorrect. [C:\Users\vaish\Desktop\Digital\decoder\decoder.srcs\sources_1\new\decoder1to2.v:]
WARNING: [filemgmt 56-199] Attempt to get parsing info during refresh. "On-the-fly" syntax checking information may be incorrect. [C:\Users\vaish\Desktop\Digital\decoder\decoder.srcs\sources_1\new\decoder3to8.v:]
WARNING: [filemgmt 56-199] Attempt to get parsing info during refresh. "On-the-fly" syntax checking information may be incorrect. [C:\Users\vaish\Desktop\Digital\decoder\decoder.srcs\sources_1\new\decoder2to4.v:]
WARNING: [filemgmt 56-199] Attempt to get parsing info during refresh. "On-the-fly" syntax checking information may be incorrect. [C:\Users\vaish\Desktop\Digital\decoder\decoder.srcs\sources_1\new\decoder2to4.v:]
update_compile_order -fileset sources_1
WARNING: [filemgmt 56-199] Attempt to get parsing info during refresh. "On-the-fly" syntax checking information may be incorrect. [C:\Users\vaish\Desktop\Digital\decoder\decoder.srcs\sources_1\new\decoder2to4.v:]
WARNING: [filemgmt 56-199] Attempt to get parsing info during refresh. "On-the-fly" syntax checking information may be incorrect. [C:\Users\vaish\Desktop\Digital\decoder\decoder.srcs\sources_1\new\decoder1to2.v:]
WARNING: [filemgmt 56-199] Attempt to get parsing info during refresh. "On-the-fly" syntax checking information may be incorrect. [C:\Users\vaish\Desktop\Digital\decoder\decoder.srcs\sources_1\new\decoder3to8.v:]
WARNING: [filemgmt 56-199] Attempt to get parsing info during refresh. "On-the-fly" syntax checking information may be incorrect. [C:\Users\vaish\Desktop\Digital\decoder\decoder.srcs\sources_1\new\decoder2to4.v:]
WARNING: [filemgmt 56-199] Attempt to get parsing info during refresh. "On-the-fly" syntax checking information may be incorrect. [C:\Users\vaish\Desktop\Digital\decoder\decoder.srcs\sources_1\new\decoder2to4.v:]
WARNING: [filemgmt 56-199] Attempt to get parsing info during refresh. "On-the-fly" syntax checking information may be incorrect. [C:\Users\vaish\Desktop\Digital\decoder\decoder.srcs\sources_1\new\decoder2to4.v:]
WARNING: [filemgmt 56-199] Attempt to get parsing info during refresh. "On-the-fly" syntax checking information may be incorrect. [C:\Users\vaish\Desktop\Digital\decoder\decoder.srcs\sources_1\new\decoder1to2.v:]
WARNING: [filemgmt 56-199] Attempt to get parsing info during refresh. "On-the-fly" syntax checking information may be incorrect. [C:\Users\vaish\Desktop\Digital\decoder\decoder.srcs\sources_1\new\decoder3to8.v:]
WARNING: [filemgmt 56-199] Attempt to get parsing info during refresh. "On-the-fly" syntax checking information may be incorrect. [C:\Users\vaish\Desktop\Digital\decoder\decoder.srcs\sources_1\new\decoder3to8.v:]
WARNING: [filemgmt 56-199] Attempt to get parsing info during refresh. "On-the-fly" syntax checking information may be incorrect. [C:\Users\vaish\Desktop\Digital\decoder\decoder.srcs\sources_1\new\decoder3to8.v:]
close_design
ERROR: [Common 17-180] Spawn failed: The operation completed successfully.

ERROR: [Common 17-39] 'close_design' failed due to earlier errors.
synth_design -rtl -rtl_skip_mlo -name rtl_1
Command: synth_design -rtl -rtl_skip_mlo -name rtl_1
Starting synth_design
Using part: xc7a100tcsg324-1
Top: decoder_3to8
INFO: [Designutils 20-5008] Incremental synthesis strategy default
INFO: [Synth 8-7079] Multithreading enabled for synth_design using a maximum of 2 processes.
---------------------------------------------------------------------------------
Starting RTL Elaboration : Time (s): cpu = 00:00:08 ; elapsed = 00:00:08 . Memory (MB): peak = 3089.078 ; gain = 0.000
---------------------------------------------------------------------------------
INFO: [Synth 8-6157] synthesizing module 'decoder_3to8' [C:/Users/vaish/Desktop/Digital/decoder/decoder.srcs/sources_1/new/decoder3to8.v:1]
INFO: [Synth 8-226] default block is never used [C:/Users/vaish/Desktop/Digital/decoder/decoder.srcs/sources_1/new/decoder3to8.v:7]
INFO: [Synth 8-6155] done synthesizing module 'decoder_3to8' (0#1) [C:/Users/vaish/Desktop/Digital/decoder/decoder.srcs/sources_1/new/decoder3to8.v:1]
---------------------------------------------------------------------------------
Finished RTL Elaboration : Time (s): cpu = 00:00:10 ; elapsed = 00:00:10 . Memory (MB): peak = 3089.078 ; gain = 0.000
---------------------------------------------------------------------------------
---------------------------------------------------------------------------------
Start Handling Custom Attributes
---------------------------------------------------------------------------------
---------------------------------------------------------------------------------
Finished Handling Custom Attributes : Time (s): cpu = 00:00:10 ; elapsed = 00:00:10 . Memory (MB): peak = 3089.078 ; gain = 0.000
---------------------------------------------------------------------------------
---------------------------------------------------------------------------------
Finished RTL Optimization Phase 1 : Time (s): cpu = 00:00:10 ; elapsed = 00:00:10 . Memory (MB): peak = 3089.078 ; gain = 0.000
---------------------------------------------------------------------------------
Netlist sorting complete. Time (s): cpu = 00:00:00 ; elapsed = 00:00:00.001 . Memory (MB): peak = 3089.078 ; gain = 0.000
INFO: [Project 1-570] Preparing netlist for logic optimization

Processing XDC Constraints
Initializing timing engine
Completed Processing XDC Constraints

Netlist sorting complete. Time (s): cpu = 00:00:00 ; elapsed = 00:00:00 . Memory (MB): peak = 3089.078 ; gain = 0.000
INFO: [Project 1-111] Unisim Transformation Summary:
No Unisim elements were transformed.

RTL Elaboration Complete:  : Time (s): cpu = 00:00:16 ; elapsed = 00:00:13 . Memory (MB): peak = 3089.078 ; gain = 0.000
7 Infos, 0 Warnings, 0 Critical Warnings and 0 Errors encountered.
synth_design completed successfully
synth_design: Time (s): cpu = 00:00:16 ; elapsed = 00:00:13 . Memory (MB): peak = 3089.078 ; gain = 0.000
exit
INFO: [Common 17-206] Exiting Vivado at Tue Sep 29 23:39:08 2026...
